Símbolo         Valor Decimal   Valor Hexadecimal
-------         -------------   -----------------
_INICIO                   256                 100
_AVR                    32768                8000
_ARI                    33024                8100
_ATI                    33792                8400
_APR                    65408                FF80
_IOAREA16               65408                FF80
_IOAREA08               65472                FFC0
IVET                    65470                FFBE
TIMDT                   65495                FFD7
INTS                    65496                FFD8
INTE                    65497                FFD9
TECST                   65498                FFDA
TECDT                   65499                FFDB
VISOR                   65500                FFDC
_ROTINAS                  128                  80
SET_TIME                    0                   0
GET_TIME                    1                   1
HORA                    32768                8000
MINUTO                  32770                8002
SEGUNDO                 32772                8004
TECLA                   32774                8006
DESLOC                    256                 100
LOOP                      442                 1BA
TEMTECLA                  452                 1C4
TRATABACKSPACE            468                 1D4
EHBACKSPACE               478                 1DE
TRATAENTER                496                 1F0
ERRONAHORA                538                 21A
TESTAMINUTOS              542                 21E
ERRONOMINUTO              578                 242
INPUTCURTO                582                 246
ERROHORARIO               796                 31C
ERROMINUTO               1010                 3F2
RESET                    1220                 4C4
LOOPRESET                1226                 4CA
ALGOUTIL                 1236                 4D4
RESETA                   1252                 4E4
TESTANUMERO              1262                 4EE
FIMTECLA                 1296                 510
INPUTCERTO               1306                 51A
COUNT                    1312                 520
COUNTSD                  1570                 622
NUMSD                    1572                 624
TEMPSD                   1574                 626
CRONOMETROON             1576                 628
CRONOMETROTELA           1578                 62A
FIMTRATADORTECLAS        1676                 68C
VAIFIM                   1686                 696
VAIAPAGA                 1690                 69A
VAIINICIO                1694                 69E
VAIPARAR                 1710                 6AE
SEPARADIGITOS            1726                 6BE
LOOPSEPARA               1754                 6DA
SEPAROU                  1776                 6F0
JUNTADIGITOS             1793                 701
MULT_5                   1813                 715
SOMALSB                  1825                 721
ENCERRAPROGRAMA          1832                 728
APAGAVISOR               2049                 801
INICIOCRONOMETRO         2191                 88F
PARACRONOMETRO           2249                 8C9
DECHORA                  2355                 933
JUNTAMINUTOS             2373                 945
DECMINUTO                2419                 973
JUNTASEGUNDOS            2431                 97F
DECSEGUNDO               2473                 9A9
AVALIAESTOURO            2481                 9B1
PROCESSAT                2505                 9C9
LOOPFINAL                2523                 9DB
SEPAROUCENTENA           2545                 9F1
COUNTFD                  2577                 A11
NUMFD                    2579                 A13
TEMPFD                   2581                 A15
MULTFD                   2583                 A17
SOMADOR                  2585                 A19
POSVARIAVEIS             2587                 A1B
LOOP_MULT_15             2599                 A27
FIMLOOP15                2611                 A33
